// Jest Snapshot v1, https://goo.gl/fbAQLP

exports[`renders homepage unchanged 1`] = `
<div>
  <div
    class="d-flex flex-column align-items-center justify-content-center vh-100 w-100 container"
  >
    <div
      class="mb-5 row"
    >
      <div
        class="col"
      >
        <h1
          class="font-grey-600 fs-1 fw-bolder"
        >
          D&D Character Sheet
        </h1>
      </div>
    </div>
    <div
      class="mb-5 row"
    >
      <div
        class="col"
      >
        <h3
          class="text-center"
        >
          What's your alias?
          Â 
          <span
            class="text-muted fs-4"
          >
            (
            Required
            )
          </span>
        </h3>
      </div>
    </div>
    <div
      class="w-100 row"
    >
      <div
        class="col"
      >
        <input
          aria-describedby="1HelpBlock"
          class="form-control form-control-lg"
          id="question-1"
          placeholder="Your name here"
          type="text"
          value=""
        />
      </div>
    </div>
    <div
      class="w-100 mt-5 row"
    >
      <div
        class="d-flex align-items-center justify-content-around w-100 col"
      >
        <div
          class="row"
        >
          <div
            class="col"
          >
            <button
              class="px-4 py-2 rounded btn btn-dark btn-lg"
              disabled=""
              type="button"
            >
              Back
            </button>
          </div>
        </div>
        <div
          class="row"
        >
          <div
            class="col"
          >
            <h2>
              1
               / 
              10
            </h2>
          </div>
        </div>
        <div
          class="row"
        >
          <div
            class="col"
          >
            <button
              class="px-4 py-2 rounded btn btn-dark btn-lg"
              type="button"
            >
              Next
            </button>
          </div>
        </div>
      </div>
    </div>
  </div>
</div>
`;
